------------------------------------------------------------
Timing Analyzer Summary
------------------------------------------------------------

Type  : Slow 1100mV 85C Model Setup 'KEY[0]'
Slack : -5.548
TNS   : -638.210

Type  : Slow 1100mV 85C Model Hold 'KEY[0]'
Slack : 0.216
TNS   : 0.000

Type  : Slow 1100mV 85C Model Minimum Pulse Width 'KEY[0]'
Slack : -0.394
TNS   : -128.991

Type  : Slow 1100mV 85C Model Minimum Pulse Width 'CLOCK_50'
Slack : -0.394
TNS   : -8.459

Type  : Slow 1100mV 0C Model Setup 'KEY[0]'
Slack : -5.412
TNS   : -604.921

Type  : Slow 1100mV 0C Model Hold 'KEY[0]'
Slack : 0.282
TNS   : 0.000

Type  : Slow 1100mV 0C Model Minimum Pulse Width 'KEY[0]'
Slack : -0.394
TNS   : -119.614

Type  : Slow 1100mV 0C Model Minimum Pulse Width 'CLOCK_50'
Slack : -0.394
TNS   : -8.931

Type  : Fast 1100mV 85C Model Setup 'KEY[0]'
Slack : -3.686
TNS   : -286.063

Type  : Fast 1100mV 85C Model Hold 'KEY[0]'
Slack : 0.139
TNS   : 0.000

Type  : Fast 1100mV 85C Model Minimum Pulse Width 'KEY[0]'
Slack : -0.319
TNS   : -66.840

Type  : Fast 1100mV 85C Model Minimum Pulse Width 'CLOCK_50'
Slack : -0.093
TNS   : -1.434

Type  : Fast 1100mV 0C Model Setup 'KEY[0]'
Slack : -3.054
TNS   : -236.630

Type  : Fast 1100mV 0C Model Hold 'KEY[0]'
Slack : 0.147
TNS   : 0.000

Type  : Fast 1100mV 0C Model Minimum Pulse Width 'KEY[0]'
Slack : -0.317
TNS   : -65.850

Type  : Fast 1100mV 0C Model Minimum Pulse Width 'CLOCK_50'
Slack : -0.089
TNS   : -1.389

------------------------------------------------------------
