------------------------------------------------------------
Timing Analyzer Summary
------------------------------------------------------------

Type  : Slow 1100mV 85C Model Setup 'KEY[0]'
Slack : -0.134
TNS   : -0.586

Type  : Slow 1100mV 85C Model Hold 'KEY[0]'
Slack : 0.225
TNS   : 0.000

Type  : Slow 1100mV 85C Model Minimum Pulse Width 'KEY[0]'
Slack : -0.394
TNS   : -8.355

Type  : Slow 1100mV 0C Model Setup 'KEY[0]'
Slack : -0.157
TNS   : -0.526

Type  : Slow 1100mV 0C Model Hold 'KEY[0]'
Slack : 0.208
TNS   : 0.000

Type  : Slow 1100mV 0C Model Minimum Pulse Width 'KEY[0]'
Slack : -0.394
TNS   : -7.761

Type  : Fast 1100mV 85C Model Setup 'KEY[0]'
Slack : 0.298
TNS   : 0.000

Type  : Fast 1100mV 85C Model Hold 'KEY[0]'
Slack : 0.133
TNS   : 0.000

Type  : Fast 1100mV 85C Model Minimum Pulse Width 'KEY[0]'
Slack : -0.342
TNS   : -4.292

Type  : Fast 1100mV 0C Model Setup 'KEY[0]'
Slack : 0.348
TNS   : 0.000

Type  : Fast 1100mV 0C Model Hold 'KEY[0]'
Slack : 0.121
TNS   : 0.000

Type  : Fast 1100mV 0C Model Minimum Pulse Width 'KEY[0]'
Slack : -0.319
TNS   : -3.997

------------------------------------------------------------
