Analysis & Synthesis report for lab5_top
Fri Nov 19 16:02:40 2021
Quartus Prime Version 18.1.0 Build 625 09/12/2018 SJ Lite Edition


---------------------
; Table of Contents ;
---------------------
  1. Legal Notice
  2. Analysis & Synthesis Summary
  3. Analysis & Synthesis Settings
  4. Parallel Compilation
  5. Analysis & Synthesis Source Files Read
  6. Analysis & Synthesis Resource Usage Summary
  7. Analysis & Synthesis Resource Utilization by Entity
  8. Registers Removed During Synthesis
  9. General Register Statistics
 10. Multiplexer Restructuring Statistics (Restructuring Performed)
 11. Parameter Settings for User Entity Instance: input_iface:IN|vDFF:DATA
 12. Parameter Settings for User Entity Instance: input_iface:IN|vDFF:CTRL
 13. Parameter Settings for User Entity Instance: datapath:DP|regfile:U0|vDFF_L:R0_out
 14. Parameter Settings for User Entity Instance: datapath:DP|regfile:U0|vDFF_L:R1_out
 15. Parameter Settings for User Entity Instance: datapath:DP|regfile:U0|vDFF_L:R2_out
 16. Parameter Settings for User Entity Instance: datapath:DP|regfile:U0|vDFF_L:R3_out
 17. Parameter Settings for User Entity Instance: datapath:DP|regfile:U0|vDFF_L:R4_out
 18. Parameter Settings for User Entity Instance: datapath:DP|regfile:U0|vDFF_L:R5_out
 19. Parameter Settings for User Entity Instance: datapath:DP|regfile:U0|vDFF_L:R6_out
 20. Parameter Settings for User Entity Instance: datapath:DP|regfile:U0|vDFF_L:R7_out
 21. Parameter Settings for User Entity Instance: datapath:DP|vDFF_L:A
 22. Parameter Settings for User Entity Instance: datapath:DP|vDFF_L:B
 23. Parameter Settings for User Entity Instance: datapath:DP|vDFF_L:C
 24. Parameter Settings for User Entity Instance: datapath:DP|vDFF_L:status
 25. Post-Synthesis Netlist Statistics for Top Partition
 26. Elapsed Time Per Partition
 27. Analysis & Synthesis Messages



----------------
; Legal Notice ;
----------------
Copyright (C) 2018  Intel Corporation. All rights reserved.
Your use of Intel Corporation's design tools, logic functions 
and other software and tools, and its AMPP partner logic 
functions, and any output files from any of the foregoing 
(including device programming or simulation files), and any 
associated documentation or information are expressly subject 
to the terms and conditions of the Intel Program License 
Subscription Agreement, the Intel Quartus Prime License Agreement,
the Intel FPGA IP License Agreement, or other applicable license
agreement, including, without limitation, that your use is for
the sole purpose of programming logic devices manufactured by
Intel and sold by Intel or its authorized distributors.  Please
refer to the applicable agreement for further details.



+-------------------------------------------------------------------------------+
; Analysis & Synthesis Summary                                                  ;
+---------------------------------+---------------------------------------------+
; Analysis & Synthesis Status     ; Successful - Fri Nov 19 16:02:39 2021       ;
; Quartus Prime Version           ; 18.1.0 Build 625 09/12/2018 SJ Lite Edition ;
; Revision Name                   ; lab5_top                                    ;
; Top-level Entity Name           ; lab5_top                                    ;
; Family                          ; Cyclone V                                   ;
; Logic utilization (in ALMs)     ; N/A                                         ;
; Total registers                 ; 194                                         ;
; Total pins                      ; 67                                          ;
; Total virtual pins              ; 0                                           ;
; Total block memory bits         ; 0                                           ;
; Total DSP Blocks                ; 0                                           ;
; Total HSSI RX PCSs              ; 0                                           ;
; Total HSSI PMA RX Deserializers ; 0                                           ;
; Total HSSI TX PCSs              ; 0                                           ;
; Total HSSI PMA TX Serializers   ; 0                                           ;
; Total PLLs                      ; 0                                           ;
; Total DLLs                      ; 0                                           ;
+---------------------------------+---------------------------------------------+


+---------------------------------------------------------------------------------------------------------------------------+
; Analysis & Synthesis Settings                                                                                             ;
+---------------------------------------------------------------------------------+--------------------+--------------------+
; Option                                                                          ; Setting            ; Default Value      ;
+---------------------------------------------------------------------------------+--------------------+--------------------+
; Device                                                                          ; 5CSEMA5F31C6       ;                    ;
; Top-level entity name                                                           ; lab5_top           ; lab5_top           ;
; Family name                                                                     ; Cyclone V          ; Cyclone V          ;
; Use smart compilation                                                           ; Off                ; Off                ;
; Enable parallel Assembler and Timing Analyzer during compilation                ; On                 ; On                 ;
; Enable compact report table                                                     ; Off                ; Off                ;
; Restructure Multiplexers                                                        ; Auto               ; Auto               ;
; MLAB Add Timing Constraints For Mixed-Port Feed-Through Mode Setting Don't Care ; Off                ; Off                ;
; Create Debugging Nodes for IP Cores                                             ; Off                ; Off                ;
; Preserve fewer node names                                                       ; On                 ; On                 ;
; Intel FPGA IP Evaluation Mode                                                   ; Enable             ; Enable             ;
; Verilog Version                                                                 ; Verilog_2001       ; Verilog_2001       ;
; VHDL Version                                                                    ; VHDL_1993          ; VHDL_1993          ;
; State Machine Processing                                                        ; Auto               ; Auto               ;
; Safe State Machine                                                              ; Off                ; Off                ;
; Extract Verilog State Machines                                                  ; On                 ; On                 ;
; Extract VHDL State Machines                                                     ; On                 ; On                 ;
; Ignore Verilog initial constructs                                               ; Off                ; Off                ;
; Iteration limit for constant Verilog loops                                      ; 5000               ; 5000               ;
; Iteration limit for non-constant Verilog loops                                  ; 250                ; 250                ;
; Add Pass-Through Logic to Inferred RAMs                                         ; On                 ; On                 ;
; Infer RAMs from Raw Logic                                                       ; On                 ; On                 ;
; Parallel Synthesis                                                              ; On                 ; On                 ;
; DSP Block Balancing                                                             ; Auto               ; Auto               ;
; NOT Gate Push-Back                                                              ; On                 ; On                 ;
; Power-Up Don't Care                                                             ; On                 ; On                 ;
; Remove Redundant Logic Cells                                                    ; Off                ; Off                ;
; Remove Duplicate Registers                                                      ; On                 ; On                 ;
; Ignore CARRY Buffers                                                            ; Off                ; Off                ;
; Ignore CASCADE Buffers                                                          ; Off                ; Off                ;
; Ignore GLOBAL Buffers                                                           ; Off                ; Off                ;
; Ignore ROW GLOBAL Buffers                                                       ; Off                ; Off                ;
; Ignore LCELL Buffers                                                            ; Off                ; Off                ;
; Ignore SOFT Buffers                                                             ; On                 ; On                 ;
; Limit AHDL Integers to 32 Bits                                                  ; Off                ; Off                ;
; Optimization Technique                                                          ; Balanced           ; Balanced           ;
; Carry Chain Length                                                              ; 70                 ; 70                 ;
; Auto Carry Chains                                                               ; On                 ; On                 ;
; Auto Open-Drain Pins                                                            ; On                 ; On                 ;
; Perform WYSIWYG Primitive Resynthesis                                           ; Off                ; Off                ;
; Auto ROM Replacement                                                            ; On                 ; On                 ;
; Auto RAM Replacement                                                            ; On                 ; On                 ;
; Auto DSP Block Replacement                                                      ; On                 ; On                 ;
; Auto Shift Register Replacement                                                 ; Auto               ; Auto               ;
; Allow Shift Register Merging across Hierarchies                                 ; Auto               ; Auto               ;
; Auto Clock Enable Replacement                                                   ; On                 ; On                 ;
; Strict RAM Replacement                                                          ; Off                ; Off                ;
; Allow Synchronous Control Signals                                               ; On                 ; On                 ;
; Force Use of Synchronous Clear Signals                                          ; Off                ; Off                ;
; Auto Resource Sharing                                                           ; Off                ; Off                ;
; Allow Any RAM Size For Recognition                                              ; Off                ; Off                ;
; Allow Any ROM Size For Recognition                                              ; Off                ; Off                ;
; Allow Any Shift Register Size For Recognition                                   ; Off                ; Off                ;
; Use LogicLock Constraints during Resource Balancing                             ; On                 ; On                 ;
; Ignore translate_off and synthesis_off directives                               ; Off                ; Off                ;
; Timing-Driven Synthesis                                                         ; On                 ; On                 ;
; Report Parameter Settings                                                       ; On                 ; On                 ;
; Report Source Assignments                                                       ; On                 ; On                 ;
; Report Connectivity Checks                                                      ; On                 ; On                 ;
; Ignore Maximum Fan-Out Assignments                                              ; Off                ; Off                ;
; Synchronization Register Chain Length                                           ; 3                  ; 3                  ;
; Power Optimization During Synthesis                                             ; Normal compilation ; Normal compilation ;
; HDL message level                                                               ; Level2             ; Level2             ;
; Suppress Register Optimization Related Messages                                 ; Off                ; Off                ;
; Number of Removed Registers Reported in Synthesis Report                        ; 5000               ; 5000               ;
; Number of Swept Nodes Reported in Synthesis Report                              ; 5000               ; 5000               ;
; Number of Inverted Registers Reported in Synthesis Report                       ; 100                ; 100                ;
; Clock MUX Protection                                                            ; On                 ; On                 ;
; Auto Gated Clock Conversion                                                     ; Off                ; Off                ;
; Block Design Naming                                                             ; Auto               ; Auto               ;
; SDC constraint protection                                                       ; Off                ; Off                ;
; Synthesis Effort                                                                ; Auto               ; Auto               ;
; Shift Register Replacement - Allow Asynchronous Clear Signal                    ; On                 ; On                 ;
; Pre-Mapping Resynthesis Optimization                                            ; Off                ; Off                ;
; Analysis & Synthesis Message Level                                              ; Medium             ; Medium             ;
; Disable Register Merging Across Hierarchies                                     ; Auto               ; Auto               ;
; Resource Aware Inference For Block RAM                                          ; On                 ; On                 ;
; Automatic Parallel Synthesis                                                    ; On                 ; On                 ;
; Partial Reconfiguration Bitstream ID                                            ; Off                ; Off                ;
+---------------------------------------------------------------------------------+--------------------+--------------------+


+------------------------------------------+
; Parallel Compilation                     ;
+----------------------------+-------------+
; Processors                 ; Number      ;
+----------------------------+-------------+
; Number detected on machine ; 4           ;
; Maximum allowed            ; 4           ;
;                            ;             ;
; Average used               ; 1.00        ;
; Maximum used               ; 4           ;
;                            ;             ;
; Usage by Processor         ; % Time Used ;
;     Processor 1            ; 100.0%      ;
;     Processors 2-4         ;   0.0%      ;
+----------------------------+-------------+


+------------------------------------------------------------------------------------------------------------------------------------------+
; Analysis & Synthesis Source Files Read                                                                                                   ;
+----------------------------------+-----------------+------------------------+--------------------------------------------------+---------+
; File Name with User-Entered Path ; Used in Netlist ; File Type              ; File Name with Absolute Path                     ; Library ;
+----------------------------------+-----------------+------------------------+--------------------------------------------------+---------+
; ../shifter.v                     ; yes             ; User Verilog HDL File  ; G:/UBC/Engineering/Year2/cpen211/Lab5/shifter.v  ;         ;
; ../regfile.v                     ; yes             ; User Verilog HDL File  ; G:/UBC/Engineering/Year2/cpen211/Lab5/regfile.v  ;         ;
; ../lab5_top.v                    ; yes             ; User Verilog HDL File  ; G:/UBC/Engineering/Year2/cpen211/Lab5/lab5_top.v ;         ;
; ../datapath.v                    ; yes             ; User Verilog HDL File  ; G:/UBC/Engineering/Year2/cpen211/Lab5/datapath.v ;         ;
; ../alu.v                         ; yes             ; User Verilog HDL File  ; G:/UBC/Engineering/Year2/cpen211/Lab5/alu.v      ;         ;
+----------------------------------+-----------------+------------------------+--------------------------------------------------+---------+


+------------------------------------------------------------+
; Analysis & Synthesis Resource Usage Summary                ;
+---------------------------------------------+--------------+
; Resource                                    ; Usage        ;
+---------------------------------------------+--------------+
; Estimate of Logic utilization (ALMs needed) ; 141          ;
;                                             ;              ;
; Combinational ALUT usage for logic          ; 189          ;
;     -- 7 input functions                    ; 0            ;
;     -- 6 input functions                    ; 57           ;
;     -- 5 input functions                    ; 22           ;
;     -- 4 input functions                    ; 57           ;
;     -- <=3 input functions                  ; 53           ;
;                                             ;              ;
; Dedicated logic registers                   ; 194          ;
;                                             ;              ;
; I/O pins                                    ; 67           ;
;                                             ;              ;
; Total DSP Blocks                            ; 0            ;
;                                             ;              ;
; Maximum fan-out node                        ; KEY[0]~input ;
; Maximum fan-out                             ; 177          ;
; Total fan-out                               ; 1559         ;
; Average fan-out                             ; 3.02         ;
+---------------------------------------------+--------------+


+-----------------------------------------------------------------------------------------------------------------------------------------------------------------------------------------------------------------------------------+
; Analysis & Synthesis Resource Utilization by Entity                                                                                                                                                                               ;
+-------------------------------+---------------------+---------------------------+-------------------+------------+------+--------------+-------------------------------------------------------------+-------------+--------------+
; Compilation Hierarchy Node    ; Combinational ALUTs ; Dedicated Logic Registers ; Block Memory Bits ; DSP Blocks ; Pins ; Virtual Pins ; Full Hierarchy Name                                         ; Entity Name ; Library Name ;
+-------------------------------+---------------------+---------------------------+-------------------+------------+------+--------------+-------------------------------------------------------------+-------------+--------------+
; |lab5_top                     ; 189 (0)             ; 194 (0)                   ; 0                 ; 0          ; 67   ; 0            ; |lab5_top                                                   ; lab5_top    ; work         ;
;    |datapath:DP|              ; 152 (16)            ; 177 (0)                   ; 0                 ; 0          ; 0    ; 0            ; |lab5_top|datapath:DP                                       ; datapath    ; work         ;
;       |ALU:U2|                ; 45 (45)             ; 0 (0)                     ; 0                 ; 0          ; 0    ; 0            ; |lab5_top|datapath:DP|ALU:U2                                ; ALU         ; work         ;
;       |MUX_asel:muxa|         ; 1 (1)               ; 0 (0)                     ; 0                 ; 0          ; 0    ; 0            ; |lab5_top|datapath:DP|MUX_asel:muxa                         ; MUX_asel    ; work         ;
;       |MUX_bsel:muxb|         ; 16 (16)             ; 0 (0)                     ; 0                 ; 0          ; 0    ; 0            ; |lab5_top|datapath:DP|MUX_bsel:muxb                         ; MUX_bsel    ; work         ;
;       |regfile:U0|            ; 57 (8)              ; 128 (0)                   ; 0                 ; 0          ; 0    ; 0            ; |lab5_top|datapath:DP|regfile:U0                            ; regfile     ; work         ;
;          |MUX_D:read|         ; 49 (48)             ; 0 (0)                     ; 0                 ; 0          ; 0    ; 0            ; |lab5_top|datapath:DP|regfile:U0|MUX_D:read                 ; MUX_D       ; work         ;
;             |Decoder:decoder| ; 1 (1)               ; 0 (0)                     ; 0                 ; 0          ; 0    ; 0            ; |lab5_top|datapath:DP|regfile:U0|MUX_D:read|Decoder:decoder ; Decoder     ; work         ;
;          |vDFF_L:R0_out|      ; 0 (0)               ; 16 (16)                   ; 0                 ; 0          ; 0    ; 0            ; |lab5_top|datapath:DP|regfile:U0|vDFF_L:R0_out              ; vDFF_L      ; work         ;
;          |vDFF_L:R1_out|      ; 0 (0)               ; 16 (16)                   ; 0                 ; 0          ; 0    ; 0            ; |lab5_top|datapath:DP|regfile:U0|vDFF_L:R1_out              ; vDFF_L      ; work         ;
;          |vDFF_L:R2_out|      ; 0 (0)               ; 16 (16)                   ; 0                 ; 0          ; 0    ; 0            ; |lab5_top|datapath:DP|regfile:U0|vDFF_L:R2_out              ; vDFF_L      ; work         ;
;          |vDFF_L:R3_out|      ; 0 (0)               ; 16 (16)                   ; 0                 ; 0          ; 0    ; 0            ; |lab5_top|datapath:DP|regfile:U0|vDFF_L:R3_out              ; vDFF_L      ; work         ;
;          |vDFF_L:R4_out|      ; 0 (0)               ; 16 (16)                   ; 0                 ; 0          ; 0    ; 0            ; |lab5_top|datapath:DP|regfile:U0|vDFF_L:R4_out              ; vDFF_L      ; work         ;
;          |vDFF_L:R5_out|      ; 0 (0)               ; 16 (16)                   ; 0                 ; 0          ; 0    ; 0            ; |lab5_top|datapath:DP|regfile:U0|vDFF_L:R5_out              ; vDFF_L      ; work         ;
;          |vDFF_L:R6_out|      ; 0 (0)               ; 16 (16)                   ; 0                 ; 0          ; 0    ; 0            ; |lab5_top|datapath:DP|regfile:U0|vDFF_L:R6_out              ; vDFF_L      ; work         ;
;          |vDFF_L:R7_out|      ; 0 (0)               ; 16 (16)                   ; 0                 ; 0          ; 0    ; 0            ; |lab5_top|datapath:DP|regfile:U0|vDFF_L:R7_out              ; vDFF_L      ; work         ;
;       |shifter:U1|            ; 2 (2)               ; 0 (0)                     ; 0                 ; 0          ; 0    ; 0            ; |lab5_top|datapath:DP|shifter:U1                            ; shifter     ; work         ;
;       |vDFF_L:A|              ; 0 (0)               ; 16 (16)                   ; 0                 ; 0          ; 0    ; 0            ; |lab5_top|datapath:DP|vDFF_L:A                              ; vDFF_L      ; work         ;
;       |vDFF_L:B|              ; 0 (0)               ; 16 (16)                   ; 0                 ; 0          ; 0    ; 0            ; |lab5_top|datapath:DP|vDFF_L:B                              ; vDFF_L      ; work         ;
;       |vDFF_L:C|              ; 0 (0)               ; 16 (16)                   ; 0                 ; 0          ; 0    ; 0            ; |lab5_top|datapath:DP|vDFF_L:C                              ; vDFF_L      ; work         ;
;       |vDFF_L:status|         ; 15 (15)             ; 1 (1)                     ; 0                 ; 0          ; 0    ; 0            ; |lab5_top|datapath:DP|vDFF_L:status                         ; vDFF_L      ; work         ;
;    |input_iface:IN|           ; 9 (9)               ; 17 (0)                    ; 0                 ; 0          ; 0    ; 0            ; |lab5_top|input_iface:IN                                    ; input_iface ; work         ;
;       |vDFF:CTRL|             ; 0 (0)               ; 9 (9)                     ; 0                 ; 0          ; 0    ; 0            ; |lab5_top|input_iface:IN|vDFF:CTRL                          ; vDFF        ; work         ;
;       |vDFF:DATA|             ; 0 (0)               ; 8 (8)                     ; 0                 ; 0          ; 0    ; 0            ; |lab5_top|input_iface:IN|vDFF:DATA                          ; vDFF        ; work         ;
;    |sseg:H0|                  ; 7 (7)               ; 0 (0)                     ; 0                 ; 0          ; 0    ; 0            ; |lab5_top|sseg:H0                                           ; sseg        ; work         ;
;    |sseg:H1|                  ; 7 (7)               ; 0 (0)                     ; 0                 ; 0          ; 0    ; 0            ; |lab5_top|sseg:H1                                           ; sseg        ; work         ;
;    |sseg:H2|                  ; 7 (7)               ; 0 (0)                     ; 0                 ; 0          ; 0    ; 0            ; |lab5_top|sseg:H2                                           ; sseg        ; work         ;
;    |sseg:H3|                  ; 7 (7)               ; 0 (0)                     ; 0                 ; 0          ; 0    ; 0            ; |lab5_top|sseg:H3                                           ; sseg        ; work         ;
+-------------------------------+---------------------+---------------------------+-------------------+------------+------+--------------+-------------------------------------------------------------+-------------+--------------+
Note: For table entries with two numbers listed, the numbers in parentheses indicate the number of resources of the given type used by the specific entity alone. The numbers listed outside of parentheses indicate the total resources of the given type used by the specific entity and all of its sub-entities in the hierarchy.


+--------------------------------------------------------------------------------+
; Registers Removed During Synthesis                                             ;
+---------------------------------------+----------------------------------------+
; Register name                         ; Reason for Removal                     ;
+---------------------------------------+----------------------------------------+
; input_iface:IN|vDFF:DATA|out[8..15]   ; Stuck at GND due to stuck port data_in ;
; Total Number of Removed Registers = 8 ;                                        ;
+---------------------------------------+----------------------------------------+


+------------------------------------------------------+
; General Register Statistics                          ;
+----------------------------------------------+-------+
; Statistic                                    ; Value ;
+----------------------------------------------+-------+
; Total registers                              ; 194   ;
; Number of registers using Synchronous Clear  ; 0     ;
; Number of registers using Synchronous Load   ; 16    ;
; Number of registers using Asynchronous Clear ; 0     ;
; Number of registers using Asynchronous Load  ; 0     ;
; Number of registers using Clock Enable       ; 193   ;
; Number of registers using Preset             ; 0     ;
+----------------------------------------------+-------+


+----------------------------------------------------------------------------------------------------------------------------------------------------------------------+
; Multiplexer Restructuring Statistics (Restructuring Performed)                                                                                                       ;
+--------------------+-----------+---------------+----------------------+------------------------+------------+--------------------------------------------------------+
; Multiplexer Inputs ; Bus Width ; Baseline Area ; Area if Restructured ; Saving if Restructured ; Registered ; Example Multiplexer Output                             ;
+--------------------+-----------+---------------+----------------------+------------------------+------------+--------------------------------------------------------+
; 4:1                ; 16 bits   ; 32 LEs        ; 32 LEs               ; 0 LEs                  ; No         ; |lab5_top|datapath:DP|ALU:U2|Mux1                      ;
; 5:1                ; 10 bits   ; 30 LEs        ; 20 LEs               ; 10 LEs                 ; No         ; |lab5_top|datapath:DP|MUX_bsel:muxb|Bin[5]             ;
; 5:1                ; 4 bits    ; 12 LEs        ; 8 LEs                ; 4 LEs                  ; No         ; |lab5_top|datapath:DP|MUX_bsel:muxb|Bin[1]             ;
; 256:1              ; 16 bits   ; 2720 LEs      ; 384 LEs              ; 2336 LEs               ; No         ; |lab5_top|datapath:DP|regfile:U0|MUX_D:read|Selector10 ;
+--------------------+-----------+---------------+----------------------+------------------------+------------+--------------------------------------------------------+


+-----------------------------------------------------------------------+
; Parameter Settings for User Entity Instance: input_iface:IN|vDFF:DATA ;
+----------------+-------+----------------------------------------------+
; Parameter Name ; Value ; Type                                         ;
+----------------+-------+----------------------------------------------+
; n              ; 16    ; Signed Integer                               ;
+----------------+-------+----------------------------------------------+
Note: In order to hide this table in the UI and the text report file, please set the "Show Parameter Settings in Synthesis Report" option in "Analysis and Synthesis Settings -> More Settings" to "Off".


+-----------------------------------------------------------------------+
; Parameter Settings for User Entity Instance: input_iface:IN|vDFF:CTRL ;
+----------------+-------+----------------------------------------------+
; Parameter Name ; Value ; Type                                         ;
+----------------+-------+----------------------------------------------+
; n              ; 9     ; Signed Integer                               ;
+----------------+-------+----------------------------------------------+
Note: In order to hide this table in the UI and the text report file, please set the "Show Parameter Settings in Synthesis Report" option in "Analysis and Synthesis Settings -> More Settings" to "Off".


+-----------------------------------------------------------------------------------+
; Parameter Settings for User Entity Instance: datapath:DP|regfile:U0|vDFF_L:R0_out ;
+----------------+-------+----------------------------------------------------------+
; Parameter Name ; Value ; Type                                                     ;
+----------------+-------+----------------------------------------------------------+
; n              ; 16    ; Signed Integer                                           ;
+----------------+-------+----------------------------------------------------------+
Note: In order to hide this table in the UI and the text report file, please set the "Show Parameter Settings in Synthesis Report" option in "Analysis and Synthesis Settings -> More Settings" to "Off".


+-----------------------------------------------------------------------------------+
; Parameter Settings for User Entity Instance: datapath:DP|regfile:U0|vDFF_L:R1_out ;
+----------------+-------+----------------------------------------------------------+
; Parameter Name ; Value ; Type                                                     ;
+----------------+-------+----------------------------------------------------------+
; n              ; 16    ; Signed Integer                                           ;
+----------------+-------+----------------------------------------------------------+
Note: In order to hide this table in the UI and the text report file, please set the "Show Parameter Settings in Synthesis Report" option in "Analysis and Synthesis Settings -> More Settings" to "Off".


+-----------------------------------------------------------------------------------+
; Parameter Settings for User Entity Instance: datapath:DP|regfile:U0|vDFF_L:R2_out ;
+----------------+-------+----------------------------------------------------------+
; Parameter Name ; Value ; Type                                                     ;
+----------------+-------+----------------------------------------------------------+
; n              ; 16    ; Signed Integer                                           ;
+----------------+-------+----------------------------------------------------------+
Note: In order to hide this table in the UI and the text report file, please set the "Show Parameter Settings in Synthesis Report" option in "Analysis and Synthesis Settings -> More Settings" to "Off".


+-----------------------------------------------------------------------------------+
; Parameter Settings for User Entity Instance: datapath:DP|regfile:U0|vDFF_L:R3_out ;
+----------------+-------+----------------------------------------------------------+
; Parameter Name ; Value ; Type                                                     ;
+----------------+-------+----------------------------------------------------------+
; n              ; 16    ; Signed Integer                                           ;
+----------------+-------+----------------------------------------------------------+
Note: In order to hide this table in the UI and the text report file, please set the "Show Parameter Settings in Synthesis Report" option in "Analysis and Synthesis Settings -> More Settings" to "Off".


+-----------------------------------------------------------------------------------+
; Parameter Settings for User Entity Instance: datapath:DP|regfile:U0|vDFF_L:R4_out ;
+----------------+-------+----------------------------------------------------------+
; Parameter Name ; Value ; Type                                                     ;
+----------------+-------+----------------------------------------------------------+
; n              ; 16    ; Signed Integer                                           ;
+----------------+-------+----------------------------------------------------------+
Note: In order to hide this table in the UI and the text report file, please set the "Show Parameter Settings in Synthesis Report" option in "Analysis and Synthesis Settings -> More Settings" to "Off".


+-----------------------------------------------------------------------------------+
; Parameter Settings for User Entity Instance: datapath:DP|regfile:U0|vDFF_L:R5_out ;
+----------------+-------+----------------------------------------------------------+
; Parameter Name ; Value ; Type                                                     ;
+----------------+-------+----------------------------------------------------------+
; n              ; 16    ; Signed Integer                                           ;
+----------------+-------+----------------------------------------------------------+
Note: In order to hide this table in the UI and the text report file, please set the "Show Parameter Settings in Synthesis Report" option in "Analysis and Synthesis Settings -> More Settings" to "Off".


+-----------------------------------------------------------------------------------+
; Parameter Settings for User Entity Instance: datapath:DP|regfile:U0|vDFF_L:R6_out ;
+----------------+-------+----------------------------------------------------------+
; Parameter Name ; Value ; Type                                                     ;
+----------------+-------+----------------------------------------------------------+
; n              ; 16    ; Signed Integer                                           ;
+----------------+-------+----------------------------------------------------------+
Note: In order to hide this table in the UI and the text report file, please set the "Show Parameter Settings in Synthesis Report" option in "Analysis and Synthesis Settings -> More Settings" to "Off".


+-----------------------------------------------------------------------------------+
; Parameter Settings for User Entity Instance: datapath:DP|regfile:U0|vDFF_L:R7_out ;
+----------------+-------+----------------------------------------------------------+
; Parameter Name ; Value ; Type                                                     ;
+----------------+-------+----------------------------------------------------------+
; n              ; 16    ; Signed Integer                                           ;
+----------------+-------+----------------------------------------------------------+
Note: In order to hide this table in the UI and the text report file, please set the "Show Parameter Settings in Synthesis Report" option in "Analysis and Synthesis Settings -> More Settings" to "Off".


+-------------------------------------------------------------------+
; Parameter Settings for User Entity Instance: datapath:DP|vDFF_L:A ;
+----------------+-------+------------------------------------------+
; Parameter Name ; Value ; Type                                     ;
+----------------+-------+------------------------------------------+
; n              ; 16    ; Signed Integer                           ;
+----------------+-------+------------------------------------------+
Note: In order to hide this table in the UI and the text report file, please set the "Show Parameter Settings in Synthesis Report" option in "Analysis and Synthesis Settings -> More Settings" to "Off".


+-------------------------------------------------------------------+
; Parameter Settings for User Entity Instance: datapath:DP|vDFF_L:B ;
+----------------+-------+------------------------------------------+
; Parameter Name ; Value ; Type                                     ;
+----------------+-------+------------------------------------------+
; n              ; 16    ; Signed Integer                           ;
+----------------+-------+------------------------------------------+
Note: In order to hide this table in the UI and the text report file, please set the "Show Parameter Settings in Synthesis Report" option in "Analysis and Synthesis Settings -> More Settings" to "Off".


+-------------------------------------------------------------------+
; Parameter Settings for User Entity Instance: datapath:DP|vDFF_L:C ;
+----------------+-------+------------------------------------------+
; Parameter Name ; Value ; Type                                     ;
+----------------+-------+------------------------------------------+
; n              ; 16    ; Signed Integer                           ;
+----------------+-------+------------------------------------------+
Note: In order to hide this table in the UI and the text report file, please set the "Show Parameter Settings in Synthesis Report" option in "Analysis and Synthesis Settings -> More Settings" to "Off".


+------------------------------------------------------------------------+
; Parameter Settings for User Entity Instance: datapath:DP|vDFF_L:status ;
+----------------+-------+-----------------------------------------------+
; Parameter Name ; Value ; Type                                          ;
+----------------+-------+-----------------------------------------------+
; n              ; 1     ; Signed Integer                                ;
+----------------+-------+-----------------------------------------------+
Note: In order to hide this table in the UI and the text report file, please set the "Show Parameter Settings in Synthesis Report" option in "Analysis and Synthesis Settings -> More Settings" to "Off".


+-----------------------------------------------------+
; Post-Synthesis Netlist Statistics for Top Partition ;
+-----------------------+-----------------------------+
; Type                  ; Count                       ;
+-----------------------+-----------------------------+
; arriav_ff             ; 194                         ;
;     ENA               ; 177                         ;
;     ENA SLD           ; 16                          ;
;     plain             ; 1                           ;
; arriav_lcell_comb     ; 194                         ;
;     arith             ; 17                          ;
;         1 data inputs ; 1                           ;
;         4 data inputs ; 14                          ;
;         5 data inputs ; 2                           ;
;     normal            ; 177                         ;
;         0 data inputs ; 1                           ;
;         1 data inputs ; 4                           ;
;         2 data inputs ; 12                          ;
;         3 data inputs ; 40                          ;
;         4 data inputs ; 43                          ;
;         5 data inputs ; 20                          ;
;         6 data inputs ; 57                          ;
; boundary_port         ; 67                          ;
;                       ;                             ;
; Max LUT depth         ; 6.30                        ;
; Average LUT depth     ; 2.92                        ;
+-----------------------+-----------------------------+


+-------------------------------+
; Elapsed Time Per Partition    ;
+----------------+--------------+
; Partition Name ; Elapsed Time ;
+----------------+--------------+
; Top            ; 00:00:02     ;
+----------------+--------------+


+-------------------------------+
; Analysis & Synthesis Messages ;
+-------------------------------+
Info: *******************************************************************
Info: Running Quartus Prime Analysis & Synthesis
    Info: Version 18.1.0 Build 625 09/12/2018 SJ Lite Edition
    Info: Processing started: Fri Nov 19 16:02:20 2021
Info: Command: quartus_map --read_settings_files=on --write_settings_files=off lab5 -c lab5_top
Warning (18236): Number of processors has not been specified which may cause overloading on shared machines.  Set the global assignment NUM_PARALLEL_PROCESSORS in your QSF to an appropriate value for best performance.
Info (20030): Parallel compilation is enabled and will use 4 of the 4 processors detected
Info (12021): Found 1 design units, including 1 entities, in source file /ubc/engineering/year2/cpen211/lab5/shifter.v
    Info (12023): Found entity 1: shifter File: G:/UBC/Engineering/Year2/cpen211/Lab5/shifter.v Line: 1
Info (12021): Found 4 design units, including 4 entities, in source file /ubc/engineering/year2/cpen211/lab5/regfile.v
    Info (12023): Found entity 1: regfile File: G:/UBC/Engineering/Year2/cpen211/Lab5/regfile.v Line: 1
    Info (12023): Found entity 2: Decoder File: G:/UBC/Engineering/Year2/cpen211/Lab5/regfile.v Line: 34
    Info (12023): Found entity 3: vDFF_L File: G:/UBC/Engineering/Year2/cpen211/Lab5/regfile.v Line: 44
    Info (12023): Found entity 4: MUX_D File: G:/UBC/Engineering/Year2/cpen211/Lab5/regfile.v Line: 62
Info (12021): Found 4 design units, including 4 entities, in source file /ubc/engineering/year2/cpen211/lab5/lab5_top.v
    Info (12023): Found entity 1: lab5_top File: G:/UBC/Engineering/Year2/cpen211/Lab5/lab5_top.v Line: 56
    Info (12023): Found entity 2: input_iface File: G:/UBC/Engineering/Year2/cpen211/Lab5/lab5_top.v Line: 108
    Info (12023): Found entity 3: vDFF File: G:/UBC/Engineering/Year2/cpen211/Lab5/lab5_top.v Line: 146
    Info (12023): Found entity 4: sseg File: G:/UBC/Engineering/Year2/cpen211/Lab5/lab5_top.v Line: 165
Info (12021): Found 3 design units, including 3 entities, in source file /ubc/engineering/year2/cpen211/lab5/datapath.v
    Info (12023): Found entity 1: datapath File: G:/UBC/Engineering/Year2/cpen211/Lab5/datapath.v Line: 1
    Info (12023): Found entity 2: MUX_asel File: G:/UBC/Engineering/Year2/cpen211/Lab5/datapath.v Line: 46
    Info (12023): Found entity 3: MUX_bsel File: G:/UBC/Engineering/Year2/cpen211/Lab5/datapath.v Line: 63
Info (12021): Found 1 design units, including 1 entities, in source file /ubc/engineering/year2/cpen211/lab5/alu.v
    Info (12023): Found entity 1: ALU File: G:/UBC/Engineering/Year2/cpen211/Lab5/alu.v Line: 1
Info (12127): Elaborating entity "lab5_top" for the top level hierarchy
Info (12128): Elaborating entity "input_iface" for hierarchy "input_iface:IN" File: G:/UBC/Engineering/Year2/cpen211/Lab5/lab5_top.v Line: 70
Info (12128): Elaborating entity "vDFF" for hierarchy "input_iface:IN|vDFF:DATA" File: G:/UBC/Engineering/Year2/cpen211/Lab5/lab5_top.v Line: 122
Info (12128): Elaborating entity "vDFF" for hierarchy "input_iface:IN|vDFF:CTRL" File: G:/UBC/Engineering/Year2/cpen211/Lab5/lab5_top.v Line: 128
Info (12128): Elaborating entity "datapath" for hierarchy "datapath:DP" File: G:/UBC/Engineering/Year2/cpen211/Lab5/lab5_top.v Line: 96
Info (12128): Elaborating entity "regfile" for hierarchy "datapath:DP|regfile:U0" File: G:/UBC/Engineering/Year2/cpen211/Lab5/datapath.v Line: 25
Info (12128): Elaborating entity "Decoder" for hierarchy "datapath:DP|regfile:U0|Decoder:decoder" File: G:/UBC/Engineering/Year2/cpen211/Lab5/regfile.v Line: 14
Warning (10230): Verilog HDL assignment warning at regfile.v(39): truncated value with size 32 to match size of target (8) File: G:/UBC/Engineering/Year2/cpen211/Lab5/regfile.v Line: 39
Info (12128): Elaborating entity "vDFF_L" for hierarchy "datapath:DP|regfile:U0|vDFF_L:R0_out" File: G:/UBC/Engineering/Year2/cpen211/Lab5/regfile.v Line: 19
Info (12128): Elaborating entity "MUX_D" for hierarchy "datapath:DP|regfile:U0|MUX_D:read" File: G:/UBC/Engineering/Year2/cpen211/Lab5/regfile.v Line: 29
Info (10264): Verilog HDL Case Statement information at regfile.v(75): all case item expressions in this case statement are onehot File: G:/UBC/Engineering/Year2/cpen211/Lab5/regfile.v Line: 75
Info (12128): Elaborating entity "vDFF_L" for hierarchy "datapath:DP|vDFF_L:A" File: G:/UBC/Engineering/Year2/cpen211/Lab5/datapath.v Line: 28
Info (12128): Elaborating entity "shifter" for hierarchy "datapath:DP|shifter:U1" File: G:/UBC/Engineering/Year2/cpen211/Lab5/datapath.v Line: 32
Info (12128): Elaborating entity "MUX_asel" for hierarchy "datapath:DP|MUX_asel:muxa" File: G:/UBC/Engineering/Year2/cpen211/Lab5/datapath.v Line: 35
Info (12128): Elaborating entity "MUX_bsel" for hierarchy "datapath:DP|MUX_bsel:muxb" File: G:/UBC/Engineering/Year2/cpen211/Lab5/datapath.v Line: 36
Info (12128): Elaborating entity "ALU" for hierarchy "datapath:DP|ALU:U2" File: G:/UBC/Engineering/Year2/cpen211/Lab5/datapath.v Line: 39
Info (12128): Elaborating entity "vDFF_L" for hierarchy "datapath:DP|vDFF_L:status" File: G:/UBC/Engineering/Year2/cpen211/Lab5/datapath.v Line: 41
Info (12128): Elaborating entity "sseg" for hierarchy "sseg:H0" File: G:/UBC/Engineering/Year2/cpen211/Lab5/lab5_top.v Line: 99
Warning (13024): Output pins are stuck at VCC or GND
    Warning (13410): Pin "HEX4[0]" is stuck at VCC File: G:/UBC/Engineering/Year2/cpen211/Lab5/lab5_top.v Line: 61
    Warning (13410): Pin "HEX4[1]" is stuck at VCC File: G:/UBC/Engineering/Year2/cpen211/Lab5/lab5_top.v Line: 61
    Warning (13410): Pin "HEX4[2]" is stuck at VCC File: G:/UBC/Engineering/Year2/cpen211/Lab5/lab5_top.v Line: 61
    Warning (13410): Pin "HEX4[3]" is stuck at VCC File: G:/UBC/Engineering/Year2/cpen211/Lab5/lab5_top.v Line: 61
    Warning (13410): Pin "HEX4[4]" is stuck at VCC File: G:/UBC/Engineering/Year2/cpen211/Lab5/lab5_top.v Line: 61
    Warning (13410): Pin "HEX4[5]" is stuck at VCC File: G:/UBC/Engineering/Year2/cpen211/Lab5/lab5_top.v Line: 61
    Warning (13410): Pin "HEX4[6]" is stuck at VCC File: G:/UBC/Engineering/Year2/cpen211/Lab5/lab5_top.v Line: 61
    Warning (13410): Pin "HEX5[0]" is stuck at VCC File: G:/UBC/Engineering/Year2/cpen211/Lab5/lab5_top.v Line: 61
    Warning (13410): Pin "HEX5[1]" is stuck at VCC File: G:/UBC/Engineering/Year2/cpen211/Lab5/lab5_top.v Line: 61
    Warning (13410): Pin "HEX5[2]" is stuck at VCC File: G:/UBC/Engineering/Year2/cpen211/Lab5/lab5_top.v Line: 61
    Warning (13410): Pin "HEX5[3]" is stuck at VCC File: G:/UBC/Engineering/Year2/cpen211/Lab5/lab5_top.v Line: 61
    Warning (13410): Pin "HEX5[4]" is stuck at VCC File: G:/UBC/Engineering/Year2/cpen211/Lab5/lab5_top.v Line: 61
    Warning (13410): Pin "HEX5[5]" is stuck at VCC File: G:/UBC/Engineering/Year2/cpen211/Lab5/lab5_top.v Line: 61
    Warning (13410): Pin "HEX5[6]" is stuck at VCC File: G:/UBC/Engineering/Year2/cpen211/Lab5/lab5_top.v Line: 61
Info (286030): Timing-Driven Synthesis is running
Info (16010): Generating hard_block partition "hard_block:auto_generated_inst"
    Info (16011): Adding 0 node(s), including 0 DDIO, 0 PLL, 0 transceiver and 0 LCELL
Warning (21074): Design contains 3 input pin(s) that do not drive logic
    Warning (15610): No output dependent on input pin "KEY[1]" File: G:/UBC/Engineering/Year2/cpen211/Lab5/lab5_top.v Line: 57
    Warning (15610): No output dependent on input pin "KEY[2]" File: G:/UBC/Engineering/Year2/cpen211/Lab5/lab5_top.v Line: 57
    Warning (15610): No output dependent on input pin "KEY[3]" File: G:/UBC/Engineering/Year2/cpen211/Lab5/lab5_top.v Line: 57
Info (21057): Implemented 449 device resources after synthesis - the final resource count might be different
    Info (21058): Implemented 15 input pins
    Info (21059): Implemented 52 output pins
    Info (21061): Implemented 382 logic cells
Info: Quartus Prime Analysis & Synthesis was successful. 0 errors, 21 warnings
    Info: Peak virtual memory: 4837 megabytes
    Info: Processing ended: Fri Nov 19 16:02:41 2021
    Info: Elapsed time: 00:00:21
    Info: Total CPU time (on all processors): 00:00:25


